// Jest Snapshot v1, https://goo.gl/fbAQLP

exports[`non-null-optional-chaning.ts format 1`] = `
====================================options=====================================
parsers: ["typescript"]
printWidth: 80
                                                                                | printWidth
=====================================input======================================
(a?.b!)\`\`;

(a?.b)!\`\`;
=====================================output=====================================
(a?.b)!\`\`;

(a?.b)!\`\`;

================================================================================
`;
