// Jest Snapshot v1, https://goo.gl/fbAQLP

exports[`test.js format 1`] = `
====================================options=====================================
parsers: ["flow"]
printWidth: 80
                                                                                | printWidth
=====================================input======================================
({p:0}:$Exact<empty>)

=====================================output=====================================
({ p: 0 }: $Exact<empty>);

================================================================================
`;
