// Jest Snapshot v1, https://goo.gl/fbAQLP

exports[`decorator-auto-accessors-new-line.ts format 1`] = `
====================================options=====================================
parsers: ["babel-ts"]
printWidth: 80
                                                                                | printWidth
=====================================input======================================
class Foo {
  accessor
  ["bar"];
}

class Foo {
  static accessor
  bar;
}

class Foo {
  accessor
  bar;
}

=====================================output=====================================
class Foo {
  accessor;
  ["bar"];
}

class Foo {
  static accessor;
  bar;
}

class Foo {
  accessor;
  bar;
}

================================================================================
`;

exports[`parenthesized-decorators-call-expression.ts format 1`] = `
====================================options=====================================
parsers: ["babel-ts"]
printWidth: 80
                                                                                | printWidth
=====================================input======================================
@(test().x("global").y())
class X {}

=====================================output=====================================
@(test().x("global").y())
class X {}

================================================================================
`;

exports[`parenthesized-decorators-tagged-template.ts format 1`] = `
====================================options=====================================
parsers: ["babel-ts"]
printWidth: 80
                                                                                | printWidth
=====================================input======================================
class Test {
  @(foo\`bar\`)
  text: string = "text"
}

=====================================output=====================================
class Test {
  @(foo\`bar\`)
  text: string = "text";
}

================================================================================
`;

exports[`prettier-ignore-nested-unions.ts format 1`] = `
====================================options=====================================
parsers: ["babel-ts"]
printWidth: 80
                                                                                | printWidth
=====================================input======================================
export type a =
  // foo
  | foo1&foo2
  // bar
  | bar1&bar2
  // prettier-ignore
  | (
    | aaaaaaaaaaaaa&1
    // b
    | bbbbbbbbbbbbb&2
  )
  // baz
  | baz1&baz2;

export type b =
  // foo
  | foo1&foo2
  // bar
  | bar1&bar2
  | (
    // prettier-ignore
    | aaaaaaaaaaaaa&1
    // b
    | bbbbbbbbbbbbb&2
  )
  // baz
  | baz1&baz2;

=====================================output=====================================
export type a =
  // foo
  | (foo1 & foo2)
  // bar
  | (bar1 & bar2)
  // prettier-ignore
  | (
    | aaaaaaaaaaaaa&1
    // b
    | bbbbbbbbbbbbb&2
  )
  // baz
  | (baz1 & baz2);

export type b =
  // foo
  | (foo1 & foo2)
  // bar
  | (bar1 & bar2)
  | (
      | // prettier-ignore
      aaaaaaaaaaaaa&1
      // b
      | (bbbbbbbbbbbbb & 2)
    )
  // baz
  | (baz1 & baz2);

================================================================================
`;

exports[`prettier-ignore-parenthesized-type.ts format 1`] = `
====================================options=====================================
parsers: ["babel-ts"]
printWidth: 80
                                                                                | printWidth
=====================================input======================================
type Foo =
  // prettier-ignore
  (
    aa
  );

=====================================output=====================================
type Foo =
  // prettier-ignore
  (
    aa
  );

================================================================================
`;
