// Jest Snapshot v1, https://goo.gl/fbAQLP

exports[`automatically loads '@prettier/plugin-*' (formatCalls) 1`] = `1`;

exports[`automatically loads '@prettier/plugin-*' from --plugin-search-dir (different to autoload dir) (formatCalls) 1`] = `1`;

exports[`automatically loads '@prettier/plugin-*' from --plugin-search-dir (same as autoload dir) (formatCalls) 1`] = `1`;

exports[`automatically loads 'prettier-plugin-*' (formatCalls) 1`] = `1`;

exports[`automatically loads 'prettier-plugin-*' from --plugin-search-dir (different to autoload dir) (formatCalls) 1`] = `1`;

exports[`automatically loads 'prettier-plugin-*' from --plugin-search-dir (same as autoload dir) (formatCalls) 1`] = `1`;

exports[`crashes when one of --plugin-search-dir does not exist (formatCalls) 1`] = `0`;

exports[`does not crash when --plugin-search-dir does not contain node_modules (formatCalls) 1`] = `1`;

exports[`loads --plugin by bespoke plugin name (assuming it is installed in cwd) (formatCalls) 1`] = `1`;

exports[`loads --plugin by its relative path (formatCalls) 1`] = `1`;

exports[`loads --plugin by its relative path without leading ./ (formatCalls) 1`] = `1`;

exports[`loads --plugin by relative path to its directory (assuming index.js) (formatCalls) 1`] = `1`;

exports[`loads --plugin by relative path to its directory without leading ./ (assuming index.js) (formatCalls) 1`] = `1`;
