// Jest Snapshot v1, https://goo.gl/fbAQLP

exports[`decorators.js 1`] = `
class Person {
  @inject leftLeg: Leg;
}

@dec enum E {}
~~~~~~~~~~~~~~~~~~~~~~~~~~~~~~~~~~~~~~~~~~~~~~~~~~~~~~~~~~~~~~~~~~~~~~~~~~~~~~~~
class Person {
  @inject leftLeg: Leg;
}

@dec enum E {}

`;
