// Jest Snapshot v1, https://goo.gl/fbAQLP

exports[`foo.js-flow 1`] = `
"var imp = require('./bar');
imp(1337);
~~~~~~~~~~~~~~~~~~~~~~~~~~~~~~~~~~~~~~~~~~~~~~~~~~~~~~~~~~~~~~~~~~~~~~~~~~~~~~~~
var imp = require(\\"./bar\\");
imp(1337);
"
`;
