// Jest Snapshot v1, https://goo.gl/fbAQLP

exports[`j.js format 1`] = `
====================================options=====================================
parsers: ["flow"]
printWidth: 80
                                                                                | printWidth
=====================================input======================================
// @flow

const h = require('../../other_folder/h');
let a = h;

=====================================output=====================================
// @flow

const h = require("../../other_folder/h");
let a = h;

================================================================================
`;
