// Jest Snapshot v1, https://goo.gl/fbAQLP

exports[`ambiguous.js format 1`] = `
====================================options=====================================
parsers: ["flow"]
printWidth: 80
                                                                                | printWidth
=====================================input======================================
// @flow

const value: "user_code" = "user_code";
export default value;

=====================================output=====================================
// @flow

const value: "user_code" = "user_code";
export default value;

================================================================================
`;

exports[`user_code.js format 1`] = `
====================================options=====================================
parsers: ["flow"]
printWidth: 80
                                                                                | printWidth
=====================================input======================================
// @flow

const value: "user_code" = "user_code";
export default value;

=====================================output=====================================
// @flow

const value: "user_code" = "user_code";
export default value;

================================================================================
`;
