exports[`test A.js 1`] = `
"var B = require(\'./B\');

class A extends B { }

module.exports = A;
~~~~~~~~~~~~~~~~~~~~~~~~~~~~~~~~~~~~~~~~~~~~~~~~~~~~~~~~~~~~~~~~~~~~~~~~~~~~~~~~
var B = require(\"./B\");

class A extends B {}

module.exports = A;
"
`;

exports[`test B.js 1`] = `
"var A = require(\'./A\');

//class B extends A { }

module.exports = B;
~~~~~~~~~~~~~~~~~~~~~~~~~~~~~~~~~~~~~~~~~~~~~~~~~~~~~~~~~~~~~~~~~~~~~~~~~~~~~~~~
var A = require(\"./A\");

//class B extends A { }

module.exports = B;
"
`;
