exports[`test errors.js 1`] = `
"if (typeof define === \'function\' && define.amd) { }
~~~~~~~~~~~~~~~~~~~~~~~~~~~~~~~~~~~~~~~~~~~~~~~~~~~~~~~~~~~~~~~~~~~~~~~~~~~~~~~~
if (typeof define === \"function\" && define.amd) {
}
"
`;
