// Jest Snapshot v1, https://goo.gl/fbAQLP

exports[`nullish_coalescing.js format 1`] = `
====================================options=====================================
parsers: ["flow"]
printWidth: 80
                                                                                | printWidth
=====================================input======================================
function foo(a: ?string, b: ?number, c : bool) {
  (undefined ?? "hello" : string);
  (a ?? "hello" : string);
  (a ?? "hello" : empty);
  (a ?? 42 : string | number);
  (a ?? 42 : empty);
  var d = null;
  (d ?? "true" : string);
  (d ?? a ?? b : ?(string | number));
  if (c) {
    d = a;
  } else {
    d = b;
  }
  (d ?? "hello" : string | number);
  (d ?? "hello" : empty);
}

=====================================output=====================================
function foo(a: ?string, b: ?number, c: boolean) {
  (undefined ?? "hello": string);
  (a ?? "hello": string);
  (a ?? "hello": empty);
  (a ?? 42: string | number);
  (a ?? 42: empty);
  var d = null;
  (d ?? "true": string);
  (d ?? a ?? b: ?(string | number));
  if (c) {
    d = a;
  } else {
    d = b;
  }
  (d ?? "hello": string | number);
  (d ?? "hello": empty);
}

================================================================================
`;
