// Jest Snapshot v1, https://goo.gl/fbAQLP

exports[`checked.js format 1`] = `
====================================options=====================================
parsers: ["flow"]
printWidth: 80
                                                                                | printWidth
=====================================input======================================
//@flow

var x: number = 42;
x();

=====================================output=====================================
//@flow

var x: number = 42;
x();

================================================================================
`;
