// Jest Snapshot v1, https://goo.gl/fbAQLP

exports[`method.js 1`] = `
"type T = { method: () => void };
type T = { method(): void };
declare class X { method(): void }
declare function f(): void;
var f: () => void;
~~~~~~~~~~~~~~~~~~~~~~~~~~~~~~~~~~~~~~~~~~~~~~~~~~~~~~~~~~~~~~~~~~~~~~~~~~~~~~~~
type T = { method: () => void };
type T = { method(): void };
declare class X { method(): void }
declare function f(): void;
var f: () => void;
"
`;
