// Jest Snapshot v1, https://goo.gl/fbAQLP

exports[`empty_lines.js 1`] = `
"switch (foo) {
  case \\"bar\\":
    doSomething();

  case \\"baz\\":
    doOtherThing();
}

switch (foo) {

  case \\"bar\\":
    doSomething();

  case \\"baz\\":
    doOtherThing();
}

switch (foo) {
  case \\"bar\\":
    doSomething();

  case \\"baz\\":
    doOtherThing();

}

switch (foo) {
  case \\"bar\\":
    doSomething();



  case \\"baz\\":
    doOtherThing();
}
~~~~~~~~~~~~~~~~~~~~~~~~~~~~~~~~~~~~~~~~~~~~~~~~~~~~~~~~~~~~~~~~~~~~~~~~~~~~~~~~
switch (foo) {
  case \\"bar\\":
    doSomething();

  case \\"baz\\":
    doOtherThing();
}

switch (foo) {
  case \\"bar\\":
    doSomething();

  case \\"baz\\":
    doOtherThing();
}

switch (foo) {
  case \\"bar\\":
    doSomething();

  case \\"baz\\":
    doOtherThing();
}

switch (foo) {
  case \\"bar\\":
    doSomething();

  case \\"baz\\":
    doOtherThing();
}
"
`;

exports[`empty_switch.js 1`] = `
"switch (1) { default:; }
switch (1) {}
~~~~~~~~~~~~~~~~~~~~~~~~~~~~~~~~~~~~~~~~~~~~~~~~~~~~~~~~~~~~~~~~~~~~~~~~~~~~~~~~
switch (1) {
  default:
}
switch (1) {
}
"
`;
