// Jest Snapshot v1, https://goo.gl/fbAQLP

exports[`custom_block.vue error test 1`] = `
"Unexpected character \\"\\"\\" (2:16)
  1 | <custom lang=\\"js\\">
> 2 | const foo = \\"</\\";
    |                ^
  3 | </custom>
  4 | "
`;

exports[`custom_block.vue error test 2`] = `
"Unexpected character \\"\\"\\" (2:16)
  1 | <custom lang=\\"js\\">
> 2 | const foo = \\"</\\";
    |                ^
  3 | </custom>
  4 | "
`;

exports[`custom_block.vue error test 3`] = `
"Unexpected character \\"\\"\\" (2:16)
  1 | <custom lang=\\"js\\">
> 2 | const foo = \\"</\\";
    |                ^
  3 | </custom>
  4 | "
`;

exports[`custom_block.vue error test 4`] = `
"Unexpected character \\"\\"\\" (2:16)
  1 | <custom lang=\\"js\\">
> 2 | const foo = \\"</\\";
    |                ^
  3 | </custom>
  4 | "
`;

exports[`custom_block.vue error test 5`] = `
"Unexpected character \\"\\"\\" (2:16)
  1 | <custom lang=\\"js\\">
> 2 | const foo = \\"</\\";
    |                ^
  3 | </custom>
  4 | "
`;

exports[`custom_block.vue error test 6`] = `
"Unexpected character \\"\\"\\" (2:16)
  1 | <custom lang=\\"js\\">
> 2 | const foo = \\"</\\";
    |                ^
  3 | </custom>
  4 | "
`;
