exports[`test DeclareModule_TypeAlias.js 1`] = `
"/**
 * @flow
 */

declare module ModuleAliasFoo {
    declare type baz = number;
    declare type toz = string;
    declare function foo(bar : baz) : toz;
}
~~~~~~~~~~~~~~~~~~~~~~~~~~~~~~~~~~~~~~~~~~~~~~~~~~~~~~~~~~~~~~~~~~~~~~~~~~~~~~~~
/src/printer.js:1348
        fromString(\", \").join(path.map(print, \"params\")),
                         ^

TypeError: fromString(...).join is not a function
    at genericPrintNoParens (/src/printer.js:1348:26)
    at genericPrint (/src/printer.js:166:7)
    at p (/src/printer.js:111:37)
    at exports.printComments (/src/comments.js:327:20)
    at printGenerically (/src/printer.js:111:12)
    at FastPath.call (/src/fast-path.js:113:16)
    at genericPrintNoParens (/src/printer.js:1254:25)
    at genericPrint (/src/printer.js:166:7)
    at p (/src/printer.js:111:37)
    at exports.printComments (/src/comments.js:327:20)
"
`;

exports[`test declare_type_exports.js 1`] = `
"/* @flow */

declare module \'foo\' {
    declare class A {
        toz : number
    }

    declare var n : string;

    declare type Foo = typeof n;
    declare type Bar = A;
    declare type Id<T> = T;

    declare var exports : {
        (a : number, b : number) : number
    };
}
~~~~~~~~~~~~~~~~~~~~~~~~~~~~~~~~~~~~~~~~~~~~~~~~~~~~~~~~~~~~~~~~~~~~~~~~~~~~~~~~
/src/printer.js:1497
        fromString(\", \").join(path.map(print, \"params\")),
                         ^

TypeError: fromString(...).join is not a function
    at genericPrintNoParens (/src/printer.js:1497:26)
    at genericPrint (/src/printer.js:166:7)
    at p (/src/printer.js:111:37)
    at exports.printComments (/src/comments.js:327:20)
    at printGenerically (/src/printer.js:111:12)
    at FastPath.call (/src/fast-path.js:113:16)
    at genericPrintNoParens (/src/printer.js:1479:14)
    at genericPrint (/src/printer.js:166:7)
    at p (/src/printer.js:111:37)
    at exports.printComments (/src/comments.js:327:20)
"
`;
